// Jest Snapshot v1, https://goo.gl/fbAQLP

exports[`SearchBar should render equal to the snapshot 1`] = `
<input
  onChange={[Function]}
  placeholder="Enter gif topic"
/>
`;
